[trxproxtrade.com/index.html]
[backblue.gif]
[fade.gif]
[index.html]
[trxproxtrade.com/storage/app/public/photos/LgdRs2mNck5LrxS9AaN9aIhtaLKfzoxGSswCqiv0.ico]
[trxproxtrade.com/temp/custom/assets/css/app.css]
[trxproxtrade.com/temp/custom/jquery.fancybox.min.css]
[trxproxtrade.com/temp/custom/aos/dist/aos.css]
[trxproxtrade.com/temp/custom/resource/views/home/home4/alert/css/fake-notification-min.css]
[trxproxtrade.com/temp/custom/assets/images/spinner.svg]
[trxproxtrade.com/about.html]
[trxproxtrade.com/investments.html]
[trxproxtrade.com/faq.html]
[trxproxtrade.com/contact.html]
[trxproxtrade.com/storage/app/public/photos/6XnjHMDGr02c8SZKHkaNzl6aA4dEtvfvCjkntkgG.png]
[trxproxtrade.com/statistic.html]
[trxproxtrade.com/assets/icons/sprite.svg]
[trxproxtrade.com/verify.html]
[trxproxtrade.com/temp/custom/assets/icons/sprite.svg]
[trxproxtrade.com/login.html]
[trxproxtrade.com/temp/custom/assets/images/intro/robot.png]
[trxproxtrade.com/temp/custom/js/jquery.min.js]
[trxproxtrade.com/temp/custom/assets/images/steps/1.png]
[trxproxtrade.com/temp/custom/assets/images/steps/2.png]
[trxproxtrade.com/temp/custom/video1.mp4]
[trxproxtrade.com/temp/custom/video3.mp4]
[trxproxtrade.com/temp/custom/video4.mp4]
[trxproxtrade.com/temp/custom/video5.mp4]
[trxproxtrade.com/temp/custom/video7.mp4]
[trxproxtrade.com/temp/custom/video8.mp4]
[trxproxtrade.com/temp/custom/video9.mp4]
[trxproxtrade.com/temp/custom/assets/images/funds/1.png]
[trxproxtrade.com/temp/custom/assets/images/funds/2.png]
[trxproxtrade.com/temp/custom/assets/images/funds/3.png]
[trxproxtrade.com/temp/custom/assets/images/company/certt.png]
[trxproxtrade.com/temp/custom/assets/images/investment/notebook.png]
[trxproxtrade.com/temp/custom/assets/images/payments/payment.png]
[trxproxtrade.com/cdnjs.cloudflare.com/ajax/libs/font-awesome/4.7.0/css/font-awesome.min.css]
[trxproxtrade.com/terms.html]
[trxproxtrade.com/storage/app/public/photos/photos/6XnjHMDGr02c8SZKHkaNzl6aA4dEtvfvCjkntkgG.png]
[trxproxtrade.com/howtobuy]
[trxproxtrade.com/temp/custom/assets/images/check-line.svg]
[trxproxtrade.com/temp/custom/assets/images/cross-line.svg]
[trxproxtrade.com/temp/custom/assets/js/app.js]
[trxproxtrade.com/temp/custom/resource/views/home/home4/alert/css/animate.min.css]
[trxproxtrade.com/temp/custom/indexAnimate.js]
[trxproxtrade.com/temp/custom/resource/views/home/home4/alert/css/font-awesome.min.css]
[trxproxtrade.com/temp/custom/resource/views/home/home4/alert/js/jquery-3.2.1.min.js]
[trxproxtrade.com/temp/custom/resource/views/home/home4/alert/js/jquery.fake-notification.min.js]
[trxproxtrade.com/index.html]
[trxproxtrade.com/storage/app/public/photos/LgdRs2mNck5LrxS9AaN9aIhtaLKfzoxGSswCqiv0.html]
[trxproxtrade.com/temp/custom/assets/fonts/ProximaNova/ProximaNova-Light.woff]
[trxproxtrade.com/temp/custom/assets/fonts/ProximaNova/ProximaNova-Regular.woff]
[trxproxtrade.com/temp/custom/assets/fonts/ProximaNova/ProximaNova-Semibold.woff]
[trxproxtrade.com/temp/custom/assets/fonts/ProximaNova/ProximaNova-Bold.woff]
[trxproxtrade.com/temp/custom/assets/images/logo/slogan-bg.png]
[trxproxtrade.com/temp/custom/assets/images/auth.png]
[trxproxtrade.com/temp/custom/assets/images/profile.png]
[trxproxtrade.com/temp/custom/assets/images/intro/bremby.png]
[trxproxtrade.com/temp/custom/assets/images/light2.png]
[trxproxtrade.com/temp/custom/assets/images/decor.png]
[trxproxtrade.com/temp/custom/assets/images/light1.png]
[trxproxtrade.com/temp/custom/assets/images/investment/notebook-shadow.png]
[trxproxtrade.com/temp/custom/assets/icons/box.svg]
[trxproxtrade.com/temp/custom/assets/images/flag2.png]
[trxproxtrade.com/temp/custom/assets/images/faq/intro.png]
[trxproxtrade.com/temp/custom/assets/images/contacts/intro.png]
[trxproxtrade.com/temp/custom/assets/images/about/intro.png]
[trxproxtrade.com/temp/custom/assets/images/investments/intro.png]
[trxproxtrade.com/temp/custom/assets/images/statistic/intro.png]
[trxproxtrade.com/temp/custom/assets/icons/users.html]
[trxproxtrade.com/temp/custom/assets/css/app.css]
[trxproxtrade.com/temp/custom/style.css]
[trxproxtrade.com/temp/custom/jquery.fancybox.min.html]
[trxproxtrade.com/temp/custom/aos/dist/aos.html]
[trxproxtrade.com/temp/custom/resource/views/home/home4/alert/css/fake-notification-min.css]
[trxproxtrade.com/temp/custom/assets/images/spinner.svg]
[trxproxtrade.com/about.html]
[trxproxtrade.com/investments.html]
[trxproxtrade.com/faq.html]
[trxproxtrade.com/contact.html]
[trxproxtrade.com/storage/app/public/photos/6XnjHMDGr02c8SZKHkaNzl6aA4dEtvfvCjkntkgG.html]
[trxproxtrade.com/statistic.html]
[trxproxtrade.com/assets/icons/sprite.html]
[trxproxtrade.com/temp/css/bootstrap.min.css]
[trxproxtrade.com/temp/css/materialdesignicons.min.css]
[trxproxtrade.com/temp/css/line.css]
[trxproxtrade.com/temp/css/style.css]
[trxproxtrade.com/temp/css/colors/dark.css]
[trxproxtrade.com/temp/js/jquery-3.5.1.min.js]
[trxproxtrade.com/temp/js/bootstrap.bundle.min.js]
[trxproxtrade.com/temp/js/owl.carousel.min.js]
[trxproxtrade.com/temp/js/owl.init.js]
[trxproxtrade.com/temp/js/feather.min.js]
[trxproxtrade.com/temp/js/bundle.js]
[trxproxtrade.com/temp/js/app.js]
[trxproxtrade.com/temp/js/widget.js]
[trxproxtrade.com/verify.html]
[trxproxtrade.com/temp/custom/assets/icons/sprite.svg]
[trxproxtrade.com/livewire/livewire6b46.js]
[trxproxtrade.com/dash2/img/wave.gif]
[trxproxtrade.com/login.html]
[trxproxtrade.com/temp/custom/js/jquery.min.js]
[trxproxtrade.com/cdnjs.cloudflare.com/ajax/libs/font-awesome/4.7.0/css/font-awesome.min.html]
[trxproxtrade.com/terms.html]
[trxproxtrade.com/storage/app/public/photos/photos/6XnjHMDGr02c8SZKHkaNzl6aA4dEtvfvCjkntkgG.html]
[trxproxtrade.com/howtobuy.html]
[trxproxtrade.com/temp/custom/assets/images/check-line.svg]
[trxproxtrade.com/temp/custom/assets/images/cross-line.svg]
[trxproxtrade.com/temp/custom/assets/js/app.js]
[trxproxtrade.com/temp/custom/indexAnimate.js]
[trxproxtrade.com/forgot-password.html]
[trxproxtrade.com/temp/custom/resource/views/home/home4/alert/css/animate.min.css]
[trxproxtrade.com/temp/custom/resource/views/home/home4/alert/css/font-awesome.min.css]
[trxproxtrade.com/temp/custom/resource/views/home/home4/alert/js/jquery-3.2.1.min.js]
[trxproxtrade.com/temp/custom/resource/views/home/home4/alert/js/jquery.fake-notification.min.js]
[trxproxtrade.com/temp/custom/assets/icons/box.svg]
[trxproxtrade.com/temp/custom/assets/icons/users.html]
[trxproxtrade.com/temp/css/bootstrap.min.css]
[trxproxtrade.com/temp/fonts/materialdesignicons-webfonte910e910.eot]
[trxproxtrade.com/temp/fonts/materialdesignicons-webfontd41dd41d.eot]
[trxproxtrade.com/temp/fonts/materialdesignicons-webfonte910.5ae910.delayed]
[trxproxtrade.com/temp/fonts/materialdesignicons-webfonte910e910.woff]
[trxproxtrade.com/temp/fonts/materialdesignicons-webfonte910-2e910.html]
[trxproxtrade.com/temp/css/materialdesignicons.min.css]
[trxproxtrade.com/temp/css/line.css]
[trxproxtrade.com/temp/images/task/bg.png]
[trxproxtrade.com/temp/images/process.png]
[trxproxtrade.com/temp/css/style.css]
[trxproxtrade.com/temp/css/colors/dark.css]
[trxproxtrade.com/temp/js/jquery-3.5.1.min.js]
[trxproxtrade.com/temp/js/bootstrap.bundle.min.js]
[trxproxtrade.com/temp/js/owl.carousel.min.js]
[trxproxtrade.com/temp/js/owl.init.js]
[trxproxtrade.com/node.js]
[trxproxtrade.com/temp/js/feather.min.js]
[trxproxtrade.com/temp/js/bundle.html]
[trxproxtrade.com/temp/js/app.js]
[trxproxtrade.com/temp/js/widget.js]
[trxproxtrade.com/forgot-password.html]
[trxproxtrade.com/AAAg/IAAB.60.delayed]
[trxproxtrade.com/AAAg/IAAB/index.html]
[trxproxtrade.com/AAAkfIAAI]
[trxproxtrade.com/AAAkfIAAI/index.html]
[trxproxtrade.com/AAAn/IAAP]
[trxproxtrade.com/AAAn/IAAP/index.html]
[trxproxtrade.com/AAArfIAAW]
[trxproxtrade.com/AAArfIAAW/index.html]
[trxproxtrade.com/AAAu/IAAd]
[trxproxtrade.com/AAAu/IAAd/index.html]
[trxproxtrade.com/AAAtfIAAa]
[trxproxtrade.com/AAAtfIAAa/index.html]
[trxproxtrade.com/AAAs/IAAZ]
[trxproxtrade.com/AAAs/IAAZ/index.html]
[trxproxtrade.com/temp/custom/resource/views/home/home4/alert/css/fonts/fontawesome-webfont3e6e3e6e3e6e3e6e3e6e.eot]
[trxproxtrade.com/temp/custom/resource/views/home/home4/alert/css/fonts/fontawesome-webfontd41dd41dd41dd41dd41d.eot]
[trxproxtrade.com/temp/custom/resource/views/home/home4/alert/css/fonts/fontawesome-webfont3e6e3e6e3e6e3e6e3e6e.woff2]
[trxproxtrade.com/temp/custom/resource/views/home/home4/alert/css/fonts/fontawesome-webfont3e6e3e6e3e6e3e6e3e6e.woff]
[trxproxtrade.com/temp/custom/resource/views/home/home4/alert/css/fonts/fontawesome-webfont3e6e3e6e3e6e3e6e3e6e.ttf]
[trxproxtrade.com/temp/custom/resource/views/home/home4/alert/css/fonts/fontawesome-webfont3e6e3e6e3e6e3e6e3e6e.svg]
[trxproxtrade.com/temp/fonts/materialdesignicons-webfonte910e910.html]
[trxproxtrade.com/temp/fonts/materialdesignicons-webfonte910-2e910.html]
[trxproxtrade.com/temp/images/task/bg.html]
[trxproxtrade.com/temp/images/process.html]
[trxproxtrade.com/node.html]
[trxproxtrade.com/edge]
[trxproxtrade.com/edge/index.html]
[trxproxtrade.com/AAAg/IAAB.html]
[trxproxtrade.com/AAAkfIAAI.html]
[trxproxtrade.com/AAAn/IAAP.html]
[trxproxtrade.com/AAArfIAAW.html]
[trxproxtrade.com/AAAu/IAAd.html]
[trxproxtrade.com/AAAtfIAAa.html]
[trxproxtrade.com/AAAs/IAAZ.html]
[trxproxtrade.com/edge.html]
